Collecting fastapi==0.115.0 (from -r /home/runner/work/RAHPEYMAN/RAHPEYMAN/backend/requirements.txt (line 2))
  Downloading fastapi-0.115.0-py3-none-any.whl.metadata (27 kB)
Collecting uvicorn==0.34.0 (from uvicorn[standard]==0.34.0->-r /home/runner/work/RAHPEYMAN/RAHPEYMAN/backend/requirements.txt (line 3))
  Downloading uvicorn-0.34.0-py3-none-any.whl.metadata (6.5 kB)
Collecting sqlalchemy==2.0.36 (from -r /home/runner/work/RAHPEYMAN/RAHPEYMAN/backend/requirements.txt (line 6))
  Downloading SQLAlchemy-2.0.36-cp311-cp311-manylinux_2_17_x86_64.manylinux2014_x86_64.whl.metadata (9.7 kB)
Collecting psycopg2-binary==2.9.10 (from -r /home/runner/work/RAHPEYMAN/RAHPEYMAN/backend/requirements.txt (line 7))
  Downloading psycopg2_binary-2.9.10-cp311-cp311-manylinux_2_17_x86_64.manylinux2014_x86_64.whl.metadata (4.9 kB)
Collecting alembic==1.14.1 (from -r /home/runner/work/RAHPEYMAN/RAHPEYMAN/backend/requirements.txt (line 8))
  Downloading alembic-1.14.1-py3-none-any.whl.metadata (7.4 kB)
Collecting python-jose==3.3.0 (from python-jose[cryptography]==3.3.0->-r /home/runner/work/RAHPEYMAN/RAHPEYMAN/backend/requirements.txt (line 11))
  Downloading python_jose-3.3.0-py2.py3-none-any.whl.metadata (5.4 kB)
Collecting passlib==1.7.4 (from -r /home/runner/work/RAHPEYMAN/RAHPEYMAN/backend/requirements.txt (line 12))
  Downloading passlib-1.7.4-py2.py3-none-any.whl.metadata (1.7 kB)
Collecting bcrypt==4.0.1 (from -r /home/runner/work/RAHPEYMAN/RAHPEYMAN/backend/requirements.txt (line 13))
  Downloading bcrypt-4.0.1-cp36-abi3-manylinux_2_28_x86_64.whl.metadata (9.0 kB)
Collecting python-multipart==0.0.20 (from -r /home/runner/work/RAHPEYMAN/RAHPEYMAN/backend/requirements.txt (line 14))
  Downloading python_multipart-0.0.20-py3-none-any.whl.metadata (1.8 kB)
Collecting google-auth>=2.0.0 (from -r /home/runner/work/RAHPEYMAN/RAHPEYMAN/backend/requirements.txt (line 15))
  Downloading google_auth-2.57.1-py3-none-any.whl.metadata (6.0 kB)
Collecting redis==5.2.0 (from -r /home/runner/work/RAHPEYMAN/RAHPEYMAN/backend/requirements.txt (line 18))
  Downloading redis-5.2.0-py3-none-any.whl.metadata (9.1 kB)
Collecting boto3==1.35.0 (from -r /home/runner/work/RAHPEYMAN/RAHPEYMAN/backend/requirements.txt (line 21))
  Downloading boto3-1.35.0-py3-none-any.whl.metadata (6.6 kB)
Collecting requests==2.32.3 (from -r /home/runner/work/RAHPEYMAN/RAHPEYMAN/backend/requirements.txt (line 24))
  Downloading requests-2.32.3-py3-none-any.whl.metadata (4.6 kB)
Collecting python-dotenv==1.0.1 (from -r /home/runner/work/RAHPEYMAN/RAHPEYMAN/backend/requirements.txt (line 27))
  Downloading python_dotenv-1.0.1-py3-none-any.whl.metadata (23 kB)
Collecting pydantic-settings==2.6.0 (from -r /home/runner/work/RAHPEYMAN/RAHPEYMAN/backend/requirements.txt (line 28))
  Downloading pydantic_settings-2.6.0-py3-none-any.whl.metadata (3.5 kB)
Collecting kavenegar==1.1.2 (from -r /home/runner/work/RAHPEYMAN/RAHPEYMAN/backend/requirements.txt (line 31))
  Downloading kavenegar-1.1.2.tar.gz (3.4 kB)
  Installing build dependencies: started
  Installing build dependencies: finished with status 'done'
  Getting requirements to build wheel: started
  Getting requirements to build wheel: finished with status 'done'
  Preparing metadata (pyproject.toml): started
  Preparing metadata (pyproject.toml): finished with status 'done'
Collecting httpx==0.28.0 (from -r /home/runner/work/RAHPEYMAN/RAHPEYMAN/backend/requirements.txt (line 34))
  Downloading httpx-0.28.0-py3-none-any.whl.metadata (7.1 kB)
Collecting structlog==24.4.0 (from -r /home/runner/work/RAHPEYMAN/RAHPEYMAN/backend/requirements.txt (line 37))
  Downloading structlog-24.4.0-py3-none-any.whl.metadata (7.3 kB)
Collecting pytest==8.3.3 (from -r requirements-dev.txt (line 4))
  Downloading pytest-8.3.3-py3-none-any.whl.metadata (7.5 kB)
Collecting pytest-asyncio==0.24.0 (from -r requirements-dev.txt (line 5))
  Downloading pytest_asyncio-0.24.0-py3-none-any.whl.metadata (3.9 kB)
Collecting starlette<0.39.0,>=0.37.2 (from fastapi==0.115.0->-r /home/runner/work/RAHPEYMAN/RAHPEYMAN/backend/requirements.txt (line 2))
  Downloading starlette-0.38.6-py3-none-any.whl.metadata (6.0 kB)
Collecting pydantic!=1.8,!=1.8.1,!=2.0.0,!=2.0.1,!=2.1.0,<3.0.0,>=1.7.4 (from fastapi==0.115.0->-r /home/runner/work/RAHPEYMAN/RAHPEYMAN/backend/requirements.txt (line 2))
  Downloading pydantic-2.13.5-py3-none-any.whl.metadata (110 kB)
Collecting typing-extensions>=4.8.0 (from fastapi==0.115.0->-r /home/runner/work/RAHPEYMAN/RAHPEYMAN/backend/requirements.txt (line 2))
  Downloading typing_extensions-4.16.0-py3-none-any.whl.metadata (3.3 kB)
Collecting click>=7.0 (from uvicorn==0.34.0->uvicorn[standard]==0.34.0->-r /home/runner/work/RAHPEYMAN/RAHPEYMAN/backend/requirements.txt (line 3))
  Downloading click-8.5.0-py3-none-any.whl.metadata (2.6 kB)
Collecting h11>=0.8 (from uvicorn==0.34.0->uvicorn[standard]==0.34.0->-r /home/runner/work/RAHPEYMAN/RAHPEYMAN/backend/requirements.txt (line 3))
  Downloading h11-0.16.0-py3-none-any.whl.metadata (8.3 kB)
Collecting greenlet!=0.4.17 (from sqlalchemy==2.0.36->-r /home/runner/work/RAHPEYMAN/RAHPEYMAN/backend/requirements.txt (line 6))
  Downloading greenlet-3.5.5-cp311-cp311-manylinux_2_24_x86_64.manylinux_2_28_x86_64.whl.metadata (3.8 kB)
Collecting Mako (from alembic==1.14.1->-r /home/runner/work/RAHPEYMAN/RAHPEYMAN/backend/requirements.txt (line 8))
  Downloading mako-1.4.1-py3-none-any.whl.metadata (2.9 kB)
Collecting ecdsa!=0.15 (from python-jose==3.3.0->python-jose[cryptography]==3.3.0->-r /home/runner/work/RAHPEYMAN/RAHPEYMAN/backend/requirements.txt (line 11))
  Downloading ecdsa-0.19.2-py2.py3-none-any.whl.metadata (29 kB)
Collecting rsa (from python-jose==3.3.0->python-jose[cryptography]==3.3.0->-r /home/runner/work/RAHPEYMAN/RAHPEYMAN/backend/requirements.txt (line 11))
  Downloading rsa-4.9.1-py3-none-any.whl.metadata (5.6 kB)
Collecting pyasn1 (from python-jose==3.3.0->python-jose[cryptography]==3.3.0->-r /home/runner/work/RAHPEYMAN/RAHPEYMAN/backend/requirements.txt (line 11))
  Downloading pyasn1-0.6.4-py3-none-any.whl.metadata (8.4 kB)
Collecting botocore<1.36.0,>=1.35.0 (from boto3==1.35.0->-r /home/runner/work/RAHPEYMAN/RAHPEYMAN/backend/requirements.txt (line 21))
  Downloading botocore-1.35.99-py3-none-any.whl.metadata (5.7 kB)
Collecting jmespath<2.0.0,>=0.7.1 (from boto3==1.35.0->-r /home/runner/work/RAHPEYMAN/RAHPEYMAN/backend/requirements.txt (line 21))
  Downloading jmespath-1.1.0-py3-none-any.whl.metadata (7.6 kB)
Collecting s3transfer<0.11.0,>=0.10.0 (from boto3==1.35.0->-r /home/runner/work/RAHPEYMAN/RAHPEYMAN/backend/requirements.txt (line 21))
  Downloading s3transfer-0.10.4-py3-none-any.whl.metadata (1.7 kB)
Collecting charset-normalizer<4,>=2 (from requests==2.32.3->-r /home/runner/work/RAHPEYMAN/RAHPEYMAN/backend/requirements.txt (line 24))
  Downloading charset_normalizer-3.5.1-cp311-cp311-manylinux2014_x86_64.manylinux_2_17_x86_64.manylinux_2_28_x86_64.whl.metadata (45 kB)
Collecting idna<4,>=2.5 (from requests==2.32.3->-r /home/runner/work/RAHPEYMAN/RAHPEYMAN/backend/requirements.txt (line 24))
  Downloading idna-3.19-py3-none-any.whl.metadata (9.2 kB)
Collecting urllib3<3,>=1.21.1 (from requests==2.32.3->-r /home/runner/work/RAHPEYMAN/RAHPEYMAN/backend/requirements.txt (line 24))
  Downloading urllib3-2.7.0-py3-none-any.whl.metadata (6.9 kB)
Collecting certifi>=2017.4.17 (from requests==2.32.3->-r /home/runner/work/RAHPEYMAN/RAHPEYMAN/backend/requirements.txt (line 24))
  Downloading certifi-2026.7.22-py3-none-any.whl.metadata (2.5 kB)
Collecting anyio (from httpx==0.28.0->-r /home/runner/work/RAHPEYMAN/RAHPEYMAN/backend/requirements.txt (line 34))
  Downloading anyio-4.15.1-py3-none-any.whl.metadata (4.7 kB)
Collecting httpcore==1.* (from httpx==0.28.0->-r /home/runner/work/RAHPEYMAN/RAHPEYMAN/backend/requirements.txt (line 34))
  Downloading httpcore-1.0.9-py3-none-any.whl.metadata (21 kB)
Collecting iniconfig (from pytest==8.3.3->-r requirements-dev.txt (line 4))
  Downloading iniconfig-2.3.0-py3-none-any.whl.metadata (2.5 kB)
Collecting packaging (from pytest==8.3.3->-r requirements-dev.txt (line 4))
  Downloading packaging-26.3-py3-none-any.whl.metadata (3.5 kB)
Collecting pluggy<2,>=1.5 (from pytest==8.3.3->-r requirements-dev.txt (line 4))
  Downloading pluggy-1.6.0-py3-none-any.whl.metadata (4.8 kB)
Collecting cryptography>=3.4.0 (from python-jose[cryptography]==3.3.0->-r /home/runner/work/RAHPEYMAN/RAHPEYMAN/backend/requirements.txt (line 11))
  Downloading cryptography-50.0.1-cp311-abi3-manylinux_2_34_x86_64.whl.metadata (4.3 kB)
Collecting httptools>=0.6.3 (from uvicorn[standard]==0.34.0->-r /home/runner/work/RAHPEYMAN/RAHPEYMAN/backend/requirements.txt (line 3))
  Downloading httptools-0.8.0-cp311-cp311-manylinux1_x86_64.manylinux_2_28_x86_64.manylinux_2_5_x86_64.whl.metadata (3.5 kB)
Collecting pyyaml>=5.1 (from uvicorn[standard]==0.34.0->-r /home/runner/work/RAHPEYMAN/RAHPEYMAN/backend/requirements.txt (line 3))
  Downloading pyyaml-6.0.3-cp311-cp311-manylinux2014_x86_64.manylinux_2_17_x86_64.manylinux_2_28_x86_64.whl.metadata (2.4 kB)
Collecting uvloop!=0.15.0,!=0.15.1,>=0.14.0 (from uvicorn[standard]==0.34.0->-r /home/runner/work/RAHPEYMAN/RAHPEYMAN/backend/requirements.txt (line 3))
  Downloading uvloop-0.22.1-cp311-cp311-manylinux2014_x86_64.manylinux_2_17_x86_64.manylinux_2_28_x86_64.whl.metadata (4.9 kB)
Collecting watchfiles>=0.13 (from uvicorn[standard]==0.34.0->-r /home/runner/work/RAHPEYMAN/RAHPEYMAN/backend/requirements.txt (line 3))
  Downloading watchfiles-1.2.0-cp311-cp311-manylinux_2_17_x86_64.manylinux2014_x86_64.whl.metadata (4.9 kB)
Collecting websockets>=10.4 (from uvicorn[standard]==0.34.0->-r /home/runner/work/RAHPEYMAN/RAHPEYMAN/backend/requirements.txt (line 3))
  Downloading websockets-17.1-cp311-cp311-manylinux1_x86_64.manylinux_2_28_x86_64.manylinux_2_5_x86_64.whl.metadata (6.3 kB)
Collecting python-dateutil<3.0.0,>=2.1 (from botocore<1.36.0,>=1.35.0->boto3==1.35.0->-r /home/runner/work/RAHPEYMAN/RAHPEYMAN/backend/requirements.txt (line 21))
  Downloading python_dateutil-2.9.0.post0-py2.py3-none-any.whl.metadata (8.4 kB)
Collecting annotated-types>=0.6.0 (from pydantic!=1.8,!=1.8.1,!=2.0.0,!=2.0.1,!=2.1.0,<3.0.0,>=1.7.4->fastapi==0.115.0->-r /home/runner/work/RAHPEYMAN/RAHPEYMAN/backend/requirements.txt (line 2))
  Downloading annotated_types-0.8.0-py3-none-any.whl.metadata (15 kB)
Collecting pydantic-core==2.46.5 (from pydantic!=1.8,!=1.8.1,!=2.0.0,!=2.0.1,!=2.1.0,<3.0.0,>=1.7.4->fastapi==0.115.0->-r /home/runner/work/RAHPEYMAN/RAHPEYMAN/backend/requirements.txt (line 2))
  Downloading pydantic_core-2.46.5-cp311-cp311-manylinux_2_17_x86_64.manylinux2014_x86_64.whl.metadata (6.6 kB)
Collecting typing-inspection>=0.4.2 (from pydantic!=1.8,!=1.8.1,!=2.0.0,!=2.0.1,!=2.1.0,<3.0.0,>=1.7.4->fastapi==0.115.0->-r /home/runner/work/RAHPEYMAN/RAHPEYMAN/backend/requirements.txt (line 2))
  Downloading typing_inspection-0.4.4-py3-none-any.whl.metadata (2.6 kB)
Collecting six>=1.5 (from python-dateutil<3.0.0,>=2.1->botocore<1.36.0,>=1.35.0->boto3==1.35.0->-r /home/runner/work/RAHPEYMAN/RAHPEYMAN/backend/requirements.txt (line 21))
  Downloading six-1.17.0-py2.py3-none-any.whl.metadata (1.7 kB)
Collecting pyasn1-modules>=0.2.1 (from google-auth>=2.0.0->-r /home/runner/work/RAHPEYMAN/RAHPEYMAN/backend/requirements.txt (line 15))
  Downloading pyasn1_modules-0.4.2-py3-none-any.whl.metadata (3.5 kB)
Collecting cffi>=2.0.0 (from cryptography>=3.4.0->python-jose[cryptography]==3.3.0->-r /home/runner/work/RAHPEYMAN/RAHPEYMAN/backend/requirements.txt (line 11))
  Downloading cffi-2.1.1-cp311-cp311-manylinux2014_x86_64.manylinux_2_17_x86_64.whl.metadata (2.5 kB)
Collecting pycparser (from cffi>=2.0.0->cryptography>=3.4.0->python-jose[cryptography]==3.3.0->-r /home/runner/work/RAHPEYMAN/RAHPEYMAN/backend/requirements.txt (line 11))
  Downloading pycparser-3.0-py3-none-any.whl.metadata (8.2 kB)
Collecting MarkupSafe>=2.0 (from Mako->alembic==1.14.1->-r /home/runner/work/RAHPEYMAN/RAHPEYMAN/backend/requirements.txt (line 8))
  Downloading markupsafe-3.0.3-cp311-cp311-manylinux2014_x86_64.manylinux_2_17_x86_64.manylinux_2_28_x86_64.whl.metadata (2.7 kB)
Downloading fastapi-0.115.0-py3-none-any.whl (94 kB)
Downloading uvicorn-0.34.0-py3-none-any.whl (62 kB)
Downloading SQLAlchemy-2.0.36-cp311-cp311-manylinux_2_17_x86_64.manylinux2014_x86_64.whl (3.2 MB)
   ━━━━━━━━━━━━━━━━━━━━━━━━━━━━━━━━━━━━━━━━ 3.2/3.2 MB 190.0 MB/s  0:00:00
Downloading psycopg2_binary-2.9.10-cp311-cp311-manylinux_2_17_x86_64.manylinux2014_x86_64.whl (3.0 MB)
   ━━━━━━━━━━━━━━━━━━━━━━━━━━━━━━━━━━━━━━━━ 3.0/3.0 MB 257.4 MB/s  0:00:00
Downloading alembic-1.14.1-py3-none-any.whl (233 kB)
Downloading python_jose-3.3.0-py2.py3-none-any.whl (33 kB)
Downloading passlib-1.7.4-py2.py3-none-any.whl (525 kB)
   ━━━━━━━━━━━━━━━━━━━━━━━━━━━━━━━━━━━━━━━━ 525.6/525.6 kB 102.6 MB/s  0:00:00
Downloading bcrypt-4.0.1-cp36-abi3-manylinux_2_28_x86_64.whl (593 kB)
   ━━━━━━━━━━━━━━━━━━━━━━━━━━━━━━━━━━━━━━━━ 593.7/593.7 kB 115.5 MB/s  0:00:00
Downloading python_multipart-0.0.20-py3-none-any.whl (24 kB)
Downloading redis-5.2.0-py3-none-any.whl (261 kB)
Downloading boto3-1.35.0-py3-none-any.whl (139 kB)
Downloading requests-2.32.3-py3-none-any.whl (64 kB)
Downloading python_dotenv-1.0.1-py3-none-any.whl (19 kB)
Downloading pydantic_settings-2.6.0-py3-none-any.whl (28 kB)
Downloading httpx-0.28.0-py3-none-any.whl (73 kB)
Downloading structlog-24.4.0-py3-none-any.whl (67 kB)
Downloading pytest-8.3.3-py3-none-any.whl (342 kB)
Downloading pytest_asyncio-0.24.0-py3-none-any.whl (18 kB)
Downloading botocore-1.35.99-py3-none-any.whl (13.3 MB)
   ━━━━━━━━━━━━━━━━━━━━━━━━━━━━━━━━━━━━━━━━ 13.3/13.3 MB 318.5 MB/s  0:00:00
Downloading charset_normalizer-3.5.1-cp311-cp311-manylinux2014_x86_64.manylinux_2_17_x86_64.manylinux_2_28_x86_64.whl (262 kB)
Downloading httpcore-1.0.9-py3-none-any.whl (78 kB)
Downloading idna-3.19-py3-none-any.whl (68 kB)
Downloading jmespath-1.1.0-py3-none-any.whl (20 kB)
Downloading pluggy-1.6.0-py3-none-any.whl (20 kB)
Downloading pydantic-2.13.5-py3-none-any.whl (472 kB)
Downloading pydantic_core-2.46.5-cp311-cp311-manylinux_2_17_x86_64.manylinux2014_x86_64.whl (2.1 MB)
   ━━━━━━━━━━━━━━━━━━━━━━━━━━━━━━━━━━━━━━━━ 2.1/2.1 MB 242.7 MB/s  0:00:00
Downloading python_dateutil-2.9.0.post0-py2.py3-none-any.whl (229 kB)
Downloading s3transfer-0.10.4-py3-none-any.whl (83 kB)
Downloading starlette-0.38.6-py3-none-any.whl (71 kB)
Downloading anyio-4.15.1-py3-none-any.whl (132 kB)
Downloading urllib3-2.7.0-py3-none-any.whl (131 kB)
Downloading google_auth-2.57.1-py3-none-any.whl (259 kB)
Downloading annotated_types-0.8.0-py3-none-any.whl (13 kB)
Downloading certifi-2026.7.22-py3-none-any.whl (136 kB)
Downloading click-8.5.0-py3-none-any.whl (125 kB)
Downloading cryptography-50.0.1-cp311-abi3-manylinux_2_34_x86_64.whl (4.7 MB)
   ━━━━━━━━━━━━━━━━━━━━━━━━━━━━━━━━━━━━━━━━ 4.7/4.7 MB 336.2 MB/s  0:00:00
Downloading cffi-2.1.1-cp311-cp311-manylinux2014_x86_64.manylinux_2_17_x86_64.whl (217 kB)
Downloading ecdsa-0.19.2-py2.py3-none-any.whl (150 kB)
Downloading greenlet-3.5.5-cp311-cp311-manylinux_2_24_x86_64.manylinux_2_28_x86_64.whl (624 kB)
   ━━━━━━━━━━━━━━━━━━━━━━━━━━━━━━━━━━━━━━━━ 624.6/624.6 kB 119.7 MB/s  0:00:00
Downloading h11-0.16.0-py3-none-any.whl (37 kB)
Downloading httptools-0.8.0-cp311-cp311-manylinux1_x86_64.manylinux_2_28_x86_64.manylinux_2_5_x86_64.whl (464 kB)
Downloading pyasn1_modules-0.4.2-py3-none-any.whl (181 kB)
Downloading pyasn1-0.6.4-py3-none-any.whl (84 kB)
Downloading pyyaml-6.0.3-cp311-cp311-manylinux2014_x86_64.manylinux_2_17_x86_64.manylinux_2_28_x86_64.whl (806 kB)
   ━━━━━━━━━━━━━━━━━━━━━━━━━━━━━━━━━━━━━━━━ 806.6/806.6 kB 174.2 MB/s  0:00:00
Downloading six-1.17.0-py2.py3-none-any.whl (11 kB)
Downloading typing_extensions-4.16.0-py3-none-any.whl (45 kB)
Downloading typing_inspection-0.4.4-py3-none-any.whl (14 kB)
Downloading uvloop-0.22.1-cp311-cp311-manylinux2014_x86_64.manylinux_2_17_x86_64.manylinux_2_28_x86_64.whl (3.8 MB)
   ━━━━━━━━━━━━━━━━━━━━━━━━━━━━━━━━━━━━━━━━ 3.8/3.8 MB 363.1 MB/s  0:00:00
Downloading watchfiles-1.2.0-cp311-cp311-manylinux_2_17_x86_64.manylinux2014_x86_64.whl (456 kB)
Downloading websockets-17.1-cp311-cp311-manylinux1_x86_64.manylinux_2_28_x86_64.manylinux_2_5_x86_64.whl (224 kB)
Downloading iniconfig-2.3.0-py3-none-any.whl (7.5 kB)
Downloading mako-1.4.1-py3-none-any.whl (80 kB)
Downloading markupsafe-3.0.3-cp311-cp311-manylinux2014_x86_64.manylinux_2_17_x86_64.manylinux_2_28_x86_64.whl (22 kB)
Downloading packaging-26.3-py3-none-any.whl (129 kB)
Downloading pycparser-3.0-py3-none-any.whl (48 kB)
Downloading rsa-4.9.1-py3-none-any.whl (34 kB)
Building wheels for collected packages: kavenegar
  Building wheel for kavenegar (pyproject.toml): started
  Building wheel for kavenegar (pyproject.toml): finished with status 'done'
  Created wheel for kavenegar: filename=kavenegar-1.1.2-py3-none-any.whl size=2257 sha256=a63e86726dccc96af5873b191aa7450e94497b6b4a37ea396bc7c01ffc2bf146
  Stored in directory: /home/runner/.cache/pip/wheels/1b/a2/98/7d0f93ba34c3f99606b8953405411c39640ac5de71f9c2565a
Successfully built kavenegar
Installing collected packages: passlib, websockets, uvloop, urllib3, typing-extensions, structlog, six, redis, pyyaml, python-multipart, python-dotenv, pycparser, pyasn1, psycopg2-binary, pluggy, packaging, MarkupSafe, jmespath, iniconfig, idna, httptools, h11, greenlet, click, charset-normalizer, certifi, bcrypt, annotated-types, uvicorn, typing-inspection, sqlalchemy, rsa, requests, python-dateutil, pytest, pydantic-core, pyasn1-modules, Mako, httpcore, ecdsa, cffi, anyio, watchfiles, starlette, python-jose, pytest-asyncio, pydantic, kavenegar, httpx, cryptography, botocore, alembic, s3transfer, pydantic-settings, google-auth, fastapi, boto3

Successfully installed Mako-1.4.1 MarkupSafe-3.0.3 alembic-1.14.1 annotated-types-0.8.0 anyio-4.15.1 bcrypt-4.0.1 boto3-1.35.0 botocore-1.35.99 certifi-2026.7.22 cffi-2.1.1 charset-normalizer-3.5.1 click-8.5.0 cryptography-50.0.1 ecdsa-0.19.2 fastapi-0.115.0 google-auth-2.57.1 greenlet-3.5.5 h11-0.16.0 httpcore-1.0.9 httptools-0.8.0 httpx-0.28.0 idna-3.19 iniconfig-2.3.0 jmespath-1.1.0 kavenegar-1.1.2 packaging-26.3 passlib-1.7.4 pluggy-1.6.0 psycopg2-binary-2.9.10 pyasn1-0.6.4 pyasn1-modules-0.4.2 pycparser-3.0 pydantic-2.13.5 pydantic-core-2.46.5 pydantic-settings-2.6.0 pytest-8.3.3 pytest-asyncio-0.24.0 python-dateutil-2.9.0.post0 python-dotenv-1.0.1 python-jose-3.3.0 python-multipart-0.0.20 pyyaml-6.0.3 redis-5.2.0 requests-2.32.3 rsa-4.9.1 s3transfer-0.10.4 six-1.17.0 sqlalchemy-2.0.36 starlette-0.38.6 structlog-24.4.0 typing-extensions-4.16.0 typing-inspection-0.4.4 urllib3-2.7.0 uvicorn-0.34.0 uvloop-0.22.1 watchfiles-1.2.0 websockets-17.1
