Analyzing RAHPEYMAN...                                          

   info • Use 'const' with the constructor to improve performance. Try adding the 'const' keyword to the constructor invocation • lib/modules/engineering_assistant/screens/block_masonry_screen.dart:507:16 • prefer_const_constructors
   info • Use 'const' with the constructor to improve performance. Try adding the 'const' keyword to the constructor invocation • lib/modules/engineering_assistant/screens/block_masonry_screen.dart:1052:22 • prefer_const_constructors
   info • Use 'const' with the constructor to improve performance. Try adding the 'const' keyword to the constructor invocation • lib/modules/engineering_assistant/screens/block_masonry_screen.dart:1070:17 • prefer_const_constructors
   info • Use 'const' with the constructor to improve performance. Try adding the 'const' keyword to the constructor invocation • lib/modules/engineering_assistant/screens/block_masonry_screen.dart:1072:26 • prefer_const_constructors
   info • Use 'const' with the constructor to improve performance. Try adding the 'const' keyword to the constructor invocation • lib/modules/engineering_assistant/screens/block_masonry_screen.dart:1179:11 • prefer_const_constructors
   info • Use 'const' with the constructor to improve performance. Try adding the 'const' keyword to the constructor invocation • lib/modules/engineering_assistant/screens/block_masonry_screen.dart:1401:11 • prefer_const_constructors
   info • Use 'const' with the constructor to improve performance. Try adding the 'const' keyword to the constructor invocation • lib/modules/engineering_assistant/screens/block_masonry_screen.dart:1414:11 • prefer_const_constructors
   info • 'value' is deprecated and shouldn't be used. Use initialValue instead. This will set the initial value for the form field. This feature was deprecated after v3.33.0-1.0.pre. Try replacing the use of the deprecated member with the replacement • lib/modules/engineering_assistant/screens/brick_calculator_screen.dart:419:15 • deprecated_member_use
   info • 'value' is deprecated and shouldn't be used. Use initialValue instead. This will set the initial value for the form field. This feature was deprecated after v3.33.0-1.0.pre. Try replacing the use of the deprecated member with the replacement • lib/modules/engineering_assistant/screens/brick_calculator_screen.dart:462:13 • deprecated_member_use
   info • 'value' is deprecated and shouldn't be used. Use initialValue instead. This will set the initial value for the form field. This feature was deprecated after v3.33.0-1.0.pre. Try replacing the use of the deprecated member with the replacement • lib/modules/engineering_assistant/screens/brick_calculator_screen.dart:486:13 • deprecated_member_use
   info • 'value' is deprecated and shouldn't be used. Use initialValue instead. This will set the initial value for the form field. This feature was deprecated after v3.33.0-1.0.pre. Try replacing the use of the deprecated member with the replacement • lib/modules/engineering_assistant/screens/brick_calculator_screen.dart:544:13 • deprecated_member_use
   info • 'value' is deprecated and shouldn't be used. Use initialValue instead. This will set the initial value for the form field. This feature was deprecated after v3.33.0-1.0.pre. Try replacing the use of the deprecated member with the replacement • lib/modules/engineering_assistant/screens/cement_calculator_screen.dart:394:9 • deprecated_member_use
   info • Use 'const' with the constructor to improve performance. Try adding the 'const' keyword to the constructor invocation • lib/modules/engineering_assistant/screens/cement_calculator_screen.dart:853:21 • prefer_const_constructors
   info • Use 'const' with the constructor to improve performance. Try adding the 'const' keyword to the constructor invocation • lib/modules/engineering_assistant/screens/cement_calculator_screen.dart:859:21 • prefer_const_constructors
   info • Use 'const' with the constructor to improve performance. Try adding the 'const' keyword to the constructor invocation • lib/modules/engineering_assistant/screens/cement_calculator_screen.dart:865:21 • prefer_const_constructors
warning • The declaration '_buildHeader' isn't referenced. Try removing the declaration of '_buildHeader' • lib/modules/engineering_assistant/screens/engineering_calculator_screen.dart:345:10 • unused_element
warning • The declaration '_buildFooter' isn't referenced. Try removing the declaration of '_buildFooter' • lib/modules/engineering_assistant/screens/engineering_calculator_screen.dart:671:10 • unused_element
   info • Use 'const' with the constructor to improve performance. Try adding the 'const' keyword to the constructor invocation • lib/modules/engineering_assistant/screens/joist_block_calculator_screen.dart:488:11 • prefer_const_constructors
   info • Use 'const' with the constructor to improve performance. Try adding the 'const' keyword to the constructor invocation • lib/modules/engineering_assistant/screens/joist_block_calculator_screen.dart:573:13 • prefer_const_constructors
warning • The value of the field 'concrete' isn't used. Try removing the field, or using it • lib/modules/engineering_assistant/screens/joist_block_calculator_screen.dart:967:22 • unused_field
warning • The value of the field 'cement' isn't used. Try removing the field, or using it • lib/modules/engineering_assistant/screens/joist_block_calculator_screen.dart:969:22 • unused_field
   info • Use 'const' with the constructor to improve performance. Try adding the 'const' keyword to the constructor invocation • lib/modules/engineering_assistant/screens/pipe_calculator_screen.dart:477:11 • prefer_const_constructors
   info • Use 'const' with the constructor to improve performance. Try adding the 'const' keyword to the constructor invocation • lib/modules/engineering_assistant/screens/pipe_calculator_screen.dart:590:23 • prefer_const_constructors
   info • Use 'const' with the constructor to improve performance. Try adding the 'const' keyword to the constructor invocation • lib/modules/engineering_assistant/screens/pipe_calculator_screen.dart:596:23 • prefer_const_constructors
   info • Use 'const' with the constructor to improve performance. Try adding the 'const' keyword to the constructor invocation • lib/modules/engineering_assistant/screens/pipe_calculator_screen.dart:602:23 • prefer_const_constructors
   info • Use 'const' with the constructor to improve performance. Try adding the 'const' keyword to the constructor invocation • lib/modules/engineering_assistant/screens/pipe_calculator_screen.dart:1324:23 • prefer_const_constructors
   info • Use 'const' with the constructor to improve performance. Try adding the 'const' keyword to the constructor invocation • lib/modules/engineering_assistant/screens/pipe_calculator_screen.dart:1330:23 • prefer_const_constructors
   info • Use 'const' with the constructor to improve performance. Try adding the 'const' keyword to the constructor invocation • lib/modules/engineering_assistant/screens/pipe_calculator_screen.dart:1336:23 • prefer_const_constructors
   info • Use 'const' with the constructor to improve performance. Try adding the 'const' keyword to the constructor invocation • lib/modules/engineering_assistant/screens/pipe_calculator_screen.dart:1545:12 • prefer_const_constructors
   info • Use 'const' with the constructor to improve performance. Try adding the 'const' keyword to the constructor invocation • lib/modules/engineering_assistant/screens/pipe_calculator_screen.dart:1549:14 • prefer_const_constructors
   info • Use 'const' with the constructor to improve performance. Try adding the 'const' keyword to the constructor invocation • lib/modules/engineering_assistant/screens/pipe_calculator_screen.dart:1550:16 • prefer_const_constructors
warning • The value of the local variable 's' isn't used. Try removing the variable or using it • lib/modules/engineering_assistant/screens/profile_shape_painter.dart:54:12 • unused_local_variable
   info • The import of 'package:flutter/services.dart' is unnecessary because all of the used elements are also provided by the import of 'package:flutter/material.dart'. Try removing the import directive • lib/modules/engineering_assistant/screens/profile_yar_screen.dart:3:8 • unnecessary_import
   info • Use interpolation to compose strings and values. Try using string interpolation to build the composite string • lib/modules/engineering_assistant/screens/profile_yar_screen.dart:115:12 • prefer_interpolation_to_compose_strings
   info • 'value' is deprecated and shouldn't be used. Use initialValue instead. This will set the initial value for the form field. This feature was deprecated after v3.33.0-1.0.pre. Try replacing the use of the deprecated member with the replacement • lib/modules/engineering_assistant/screens/profile_yar_screen.dart:263:13 • deprecated_member_use
   info • Use 'const' with the constructor to improve performance. Try adding the 'const' keyword to the constructor invocation • lib/modules/engineering_assistant/screens/profile_yar_screen.dart:353:24 • prefer_const_constructors
   info • Use 'const' with the constructor to improve performance. Try adding the 'const' keyword to the constructor invocation • lib/modules/engineering_assistant/screens/stone_masonry_screen.dart:430:11 • prefer_const_constructors
   info • Use 'const' with the constructor to improve performance. Try adding the 'const' keyword to the constructor invocation • lib/modules/engineering_assistant/screens/stone_masonry_screen.dart:431:20 • prefer_const_constructors
   info • Use 'const' literals as arguments to constructors of '@immutable' classes. Try adding 'const' before the literal • lib/modules/engineering_assistant/screens/stone_masonry_screen.dart:433:25 • prefer_const_literals_to_create_immutables
   info • Use 'const' with the constructor to improve performance. Try adding the 'const' keyword to the constructor invocation • lib/modules/engineering_assistant/screens/stone_masonry_screen.dart:444:17 • prefer_const_constructors
   info • Use 'const' with the constructor to improve performance. Try adding the 'const' keyword to the constructor invocation • lib/modules/engineering_assistant/screens/stone_masonry_screen.dart:446:26 • prefer_const_constructors
   info • Use 'const' with the constructor to improve performance. Try adding the 'const' keyword to the constructor invocation • lib/modules/engineering_assistant/screens/stone_masonry_screen.dart:1262:12 • prefer_const_constructors
   info • Use 'const' with the constructor to improve performance. Try adding the 'const' keyword to the constructor invocation • lib/modules/engineering_assistant/screens/stone_masonry_screen.dart:1269:14 • prefer_const_constructors
   info • Use 'const' literals as arguments to constructors of '@immutable' classes. Try adding 'const' before the literal • lib/modules/engineering_assistant/screens/stone_masonry_screen.dart:1270:19 • prefer_const_literals_to_create_immutables
   info • Use 'const' with the constructor to improve performance. Try adding the 'const' keyword to the constructor invocation • lib/modules/engineering_assistant/screens/stone_masonry_screen.dart:1275:11 • prefer_const_constructors
   info • Use 'const' with the constructor to improve performance. Try adding the 'const' keyword to the constructor invocation • lib/modules/estefsarieh/screens/estefsarieh_detail_screen.dart:357:12 • prefer_const_constructors
warning • A value for optional parameter 'dashWidth' isn't ever given. Try removing the unused parameter • lib/modules/estefsarieh/screens/estefsarieh_home_screen.dart:20:10 • unused_element_parameter
warning • A value for optional parameter 'dashGap' isn't ever given. Try removing the unused parameter • lib/modules/estefsarieh/screens/estefsarieh_home_screen.dart:21:10 • unused_element_parameter
warning • A value for optional parameter 'strokeWidth' isn't ever given. Try removing the unused parameter • lib/modules/estefsarieh/screens/estefsarieh_home_screen.dart:22:10 • unused_element_parameter
warning • A value for optional parameter 'color' isn't ever given. Try removing the unused parameter • lib/modules/estefsarieh/screens/estefsarieh_home_screen.dart:58:10 • unused_element_parameter
warning • A value for optional parameter 'width' isn't ever given. Try removing the unused parameter • lib/modules/estefsarieh/screens/estefsarieh_home_screen.dart:59:10 • unused_element_parameter
   info • Use 'const' with the constructor to improve performance. Try adding the 'const' keyword to the constructor invocation • lib/modules/estefsarieh/screens/estefsarieh_home_screen.dart:223:15 • prefer_const_constructors
   info • Use 'const' with the constructor to improve performance. Try adding the 'const' keyword to the constructor invocation • lib/modules/estefsarieh/screens/estefsarieh_home_screen.dart:224:24 • prefer_const_constructors
   info • Use 'const' with the constructor to improve performance. Try adding the 'const' keyword to the constructor invocation • lib/modules/estefsarieh/screens/estefsarieh_home_screen.dart:840:29 • prefer_const_constructors
   info • Use 'const' for final variables initialized to a constant value. Try replacing 'final' with 'const' • lib/modules/estefsarieh/screens/estefsarieh_home_screen.dart:882:9 • prefer_const_declarations
   info • Use 'const' for final variables initialized to a constant value. Try replacing 'final' with 'const' • lib/modules/estefsarieh/screens/estefsarieh_home_screen.dart:889:9 • prefer_const_declarations
   info • Use 'const' for final variables initialized to a constant value. Try replacing 'final' with 'const' • lib/modules/estefsarieh/screens/estefsarieh_home_screen.dart:896:9 • prefer_const_declarations
   info • Use 'const' with the constructor to improve performance. Try adding the 'const' keyword to the constructor invocation • lib/modules/estefsarieh/screens/estefsarieh_splash_screen.dart:67:17 • prefer_const_constructors
   info • Use 'const' with the constructor to improve performance. Try adding the 'const' keyword to the constructor invocation • lib/modules/estefsarieh/theme/estefsarieh_theme.dart:68:5 • prefer_const_constructors
   info • Use 'const' with the constructor to improve performance. Try adding the 'const' keyword to the constructor invocation • lib/modules/listoferyar/presentation/screens/listoferyar_home_screen.dart:325:17 • prefer_const_constructors
   info • Use 'const' with the constructor to improve performance. Try adding the 'const' keyword to the constructor invocation • lib/modules/listoferyar/presentation/screens/project_tree_screen.dart:492:19 • prefer_const_constructors
   info • Use 'const' literals as arguments to constructors of '@immutable' classes. Try adding 'const' before the literal • lib/modules/listoferyar/presentation/screens/project_tree_screen.dart:493:19 • prefer_const_literals_to_create_immutables
   info • Use 'const' with the constructor to improve performance. Try adding the 'const' keyword to the constructor invocation • lib/modules/listoferyar/presentation/screens/rebar_entry_screen.dart:578:25 • prefer_const_constructors
   info • Use 'const' with the constructor to improve performance. Try adding the 'const' keyword to the constructor invocation • lib/modules/listoferyar/presentation/screens/rebar_entry_screen.dart:654:29 • prefer_const_constructors
   info • Use 'const' with the constructor to improve performance. Try adding the 'const' keyword to the constructor invocation • lib/modules/listoferyar/presentation/screens/rebar_entry_screen.dart:655:27 • prefer_const_constructors
   info • Use 'const' with the constructor to improve performance. Try adding the 'const' keyword to the constructor invocation • lib/modules/listoferyar/presentation/screens/rebar_entry_screen.dart:656:29 • prefer_const_constructors
   info • Use 'const' with the constructor to improve performance. Try adding the 'const' keyword to the constructor invocation • lib/modules/sharayet_omoomi_piman/screens/sharayet_article_detail_screen.dart:338:13 • prefer_const_constructors
   info • Use 'const' literals as arguments to constructors of '@immutable' classes. Try adding 'const' before the literal • lib/modules/sharayet_omoomi_piman/screens/sharayet_article_detail_screen.dart:339:25 • prefer_const_literals_to_create_immutables
   info • Use 'const' with the constructor to improve performance. Try adding the 'const' keyword to the constructor invocation • lib/modules/sharayet_omoomi_piman/screens/sharayet_article_detail_screen.dart:346:17 • prefer_const_constructors
   info • Use 'const' with the constructor to improve performance. Try adding the 'const' keyword to the constructor invocation • lib/modules/sharayet_omoomi_piman/screens/sharayet_article_detail_screen.dart:347:26 • prefer_const_constructors
   info • Use 'const' with the constructor to improve performance. Try adding the 'const' keyword to the constructor invocation • lib/modules/sharayet_omoomi_piman/screens/sharayet_chapter_screen.dart:400:17 • prefer_const_constructors
   info • Use 'const' literals as arguments to constructors of '@immutable' classes. Try adding 'const' before the literal • lib/modules/sharayet_omoomi_piman/screens/sharayet_chapter_screen.dart:402:29 • prefer_const_literals_to_create_immutables
   info • Use 'const' with the constructor to improve performance. Try adding the 'const' keyword to the constructor invocation • lib/modules/sharayet_omoomi_piman/theme/sharayet_theme.dart:98:5 • prefer_const_constructors

73 issues found. (ran in 11.6s)
